// Jest Snapshot v1, https://goo.gl/fbAQLP

exports[`custom resolvers execution should be possible to use generated inputs, args and types to build own resolvers: custom posts resolver mocked response 1`] = `
Object {
  "customFindManyPost": Array [
    Object {
      "color": "RED",
      "uuid": "b0c0d78e-4dff-4cdd-ba23-9b417dc684e2",
    },
    Object {
      "color": "BLUE",
      "uuid": "72c8a188-3d46-45b3-b23f-7d420aa282f1",
    },
  ],
}
`;

exports[`custom resolvers execution should be possible to use generated inputs, args and types to build own resolvers: findManyPost call args 1`] = `
Array [
  Array [
    FindManyPostArgs {
      "orderBy": Array [
        PostOrderByWithRelationInput {
          "color": "desc",
        },
      ],
      "skip": 1,
      "take": 1,
      "where": PostWhereInput {
        "content": StringFilter {
          "startsWith": "Test",
        },
      },
    },
  ],
]
`;

exports[`custom resolvers execution should be possible to use generated inputs, args and types to build own resolvers: graphQLSchemaSDL 1`] = `
"# -----------------------------------------------
# !!! THIS FILE WAS GENERATED BY TYPE-GRAPHQL !!!
# !!!   DO NOT MODIFY THIS FILE BY YOURSELF   !!!
# -----------------------------------------------

enum Color {
  BLUE
  GREEN
  RED
}

input EnumColorFilter {
  equals: Color
  in: [Color!]
  not: NestedEnumColorFilter
  notIn: [Color!]
}

input NestedEnumColorFilter {
  equals: Color
  in: [Color!]
  not: NestedEnumColorFilter
  notIn: [Color!]
}

input NestedStringFilter {
  contains: String
  endsWith: String
  equals: String
  gt: String
  gte: String
  in: [String!]
  lt: String
  lte: String
  not: NestedStringFilter
  notIn: [String!]
  startsWith: String
}

type Post {
  color: Color!
  content: String!
  uuid: String!
}

input PostOrderByWithRelationInput {
  color: SortOrder
  content: SortOrder
  uuid: SortOrder
}

enum PostScalarFieldEnum {
  color
  content
  uuid
}

input PostWhereInput {
  AND: [PostWhereInput!]
  NOT: [PostWhereInput!]
  OR: [PostWhereInput!]
  color: EnumColorFilter
  content: StringFilter
  uuid: StringFilter
}

input PostWhereUniqueInput {
  AND: [PostWhereInput!]
  NOT: [PostWhereInput!]
  OR: [PostWhereInput!]
  color: EnumColorFilter
  content: StringFilter
  uuid: String
}

type Query {
  customFindManyPost(cursor: PostWhereUniqueInput, distinct: [PostScalarFieldEnum!], orderBy: [PostOrderByWithRelationInput!], skip: Int, take: Int, where: PostWhereInput): [Post!]!
}

enum QueryMode {
  default
  insensitive
}

enum SortOrder {
  asc
  desc
}

input StringFilter {
  contains: String
  endsWith: String
  equals: String
  gt: String
  gte: String
  in: [String!]
  lt: String
  lte: String
  mode: QueryMode
  not: NestedStringFilter
  notIn: [String!]
  startsWith: String
}"
`;
