// Jest Snapshot v1, https://goo.gl/fbAQLP

exports[`generator integration should be able to use generate TypeGraphQL classes files to generate GraphQL schema: graphQLSchemaSDL 1`] = `
"# -----------------------------------------------
# !!! THIS FILE WAS GENERATED BY TYPE-GRAPHQL !!!
# !!!   DO NOT MODIFY THIS FILE BY YOURSELF   !!!
# -----------------------------------------------

type AffectedRowsOutput {
  count: Int!
}

type AggregatePost {
  avg: PostAvgAggregate
  count: PostCountAggregate
  max: PostMaxAggregate
  min: PostMinAggregate
  sum: PostSumAggregate
}

type AggregateUser {
  avg: UserAvgAggregate
  count: UserCountAggregate
  max: UserMaxAggregate
  min: UserMinAggregate
  sum: UserSumAggregate
}

enum Color {
  BLUE
  GREEN
  RED
}

input EnumColorFieldUpdateOperationsInput {
  set: Color
}

input EnumColorFilter {
  equals: Color
  in: [Color!]
  not: NestedEnumColorFilter
  notIn: [Color!]
}

input EnumColorWithAggregatesFilter {
  count: NestedIntFilter
  equals: Color
  in: [Color!]
  max: NestedEnumColorFilter
  min: NestedEnumColorFilter
  not: NestedEnumColorWithAggregatesFilter
  notIn: [Color!]
}

input IntFilter {
  equals: Int
  gt: Int
  gte: Int
  in: [Int!]
  lt: Int
  lte: Int
  not: NestedIntFilter
  notIn: [Int!]
}

input IntWithAggregatesFilter {
  avg: NestedFloatFilter
  count: NestedIntFilter
  equals: Int
  gt: Int
  gte: Int
  in: [Int!]
  lt: Int
  lte: Int
  max: NestedIntFilter
  min: NestedIntFilter
  not: NestedIntWithAggregatesFilter
  notIn: [Int!]
  sum: NestedIntFilter
}

type Mutation {
  createManyPost(data: [PostCreateManyInput!]!, skipDuplicates: Boolean): AffectedRowsOutput!
  createManyUser(data: [UserCreateManyInput!]!, skipDuplicates: Boolean): AffectedRowsOutput!
  createPost(data: PostCreateInput!): Post!
  createUser(data: UserCreateInput!): User!
  deleteManyPost(where: PostWhereInput): AffectedRowsOutput!
  deleteManyUser(where: UserWhereInput): AffectedRowsOutput!
  deletePost(where: PostWhereUniqueInput!): Post
  deleteUser(where: UserWhereUniqueInput!): User
  updateManyPost(data: PostUpdateManyMutationInput!, where: PostWhereInput): AffectedRowsOutput!
  updateManyUser(data: UserUpdateManyMutationInput!, where: UserWhereInput): AffectedRowsOutput!
  updatePost(data: PostUpdateInput!, where: PostWhereUniqueInput!): Post
  updateUser(data: UserUpdateInput!, where: UserWhereUniqueInput!): User
  upsertPost(create: PostCreateInput!, update: PostUpdateInput!, where: PostWhereUniqueInput!): Post!
  upsertUser(create: UserCreateInput!, update: UserUpdateInput!, where: UserWhereUniqueInput!): User!
}

input NestedEnumColorFilter {
  equals: Color
  in: [Color!]
  not: NestedEnumColorFilter
  notIn: [Color!]
}

input NestedEnumColorWithAggregatesFilter {
  count: NestedIntFilter
  equals: Color
  in: [Color!]
  max: NestedEnumColorFilter
  min: NestedEnumColorFilter
  not: NestedEnumColorWithAggregatesFilter
  notIn: [Color!]
}

input NestedFloatFilter {
  equals: Float
  gt: Float
  gte: Float
  in: [Float!]
  lt: Float
  lte: Float
  not: NestedFloatFilter
  notIn: [Float!]
}

input NestedIntFilter {
  equals: Int
  gt: Int
  gte: Int
  in: [Int!]
  lt: Int
  lte: Int
  not: NestedIntFilter
  notIn: [Int!]
}

input NestedIntNullableFilter {
  equals: Int
  gt: Int
  gte: Int
  in: [Int!]
  lt: Int
  lte: Int
  not: NestedIntNullableFilter
  notIn: [Int!]
}

input NestedIntWithAggregatesFilter {
  avg: NestedFloatFilter
  count: NestedIntFilter
  equals: Int
  gt: Int
  gte: Int
  in: [Int!]
  lt: Int
  lte: Int
  max: NestedIntFilter
  min: NestedIntFilter
  not: NestedIntWithAggregatesFilter
  notIn: [Int!]
  sum: NestedIntFilter
}

input NestedStringFilter {
  contains: String
  endsWith: String
  equals: String
  gt: String
  gte: String
  in: [String!]
  lt: String
  lte: String
  not: NestedStringFilter
  notIn: [String!]
  startsWith: String
}

input NestedStringNullableFilter {
  contains: String
  endsWith: String
  equals: String
  gt: String
  gte: String
  in: [String!]
  lt: String
  lte: String
  not: NestedStringNullableFilter
  notIn: [String!]
  startsWith: String
}

input NestedStringNullableWithAggregatesFilter {
  contains: String
  count: NestedIntNullableFilter
  endsWith: String
  equals: String
  gt: String
  gte: String
  in: [String!]
  lt: String
  lte: String
  max: NestedStringNullableFilter
  min: NestedStringNullableFilter
  not: NestedStringNullableWithAggregatesFilter
  notIn: [String!]
  startsWith: String
}

input NestedStringWithAggregatesFilter {
  contains: String
  count: NestedIntFilter
  endsWith: String
  equals: String
  gt: String
  gte: String
  in: [String!]
  lt: String
  lte: String
  max: NestedStringFilter
  min: NestedStringFilter
  not: NestedStringWithAggregatesFilter
  notIn: [String!]
  startsWith: String
}

input NullableStringFieldUpdateOperationsInput {
  set: String
}

type Post {
  author: User!
  authorId: Int!
  color: Color!
  content: String!
  uuid: String!
}

type PostAvgAggregate {
  authorId: Float
}

type PostCountAggregate {
  _all: Int!
  authorId: Int!
  color: Int!
  content: Int!
  uuid: Int!
}

input PostCreateInput {
  author: UserCreateNestedOneWithoutPostsInput!
  color: Color!
  content: String!
  uuid: String
}

input PostCreateManyAuthorInput {
  color: Color!
  content: String!
  uuid: String
}

input PostCreateManyAuthorInputEnvelope {
  data: [PostCreateManyAuthorInput!]!
  skipDuplicates: Boolean
}

input PostCreateManyInput {
  authorId: Int!
  color: Color!
  content: String!
  uuid: String
}

input PostCreateNestedManyWithoutAuthorInput {
  connect: [PostWhereUniqueInput!]
  connectOrCreate: [PostCreateOrConnectWithoutAuthorInput!]
  create: [PostCreateWithoutAuthorInput!]
  createMany: PostCreateManyAuthorInputEnvelope
}

input PostCreateOrConnectWithoutAuthorInput {
  create: PostCreateWithoutAuthorInput!
  where: PostWhereUniqueInput!
}

input PostCreateWithoutAuthorInput {
  color: Color!
  content: String!
  uuid: String
}

type PostGroupBy {
  authorId: Int!
  avg: PostAvgAggregate
  color: Color!
  content: String!
  count: PostCountAggregate
  max: PostMaxAggregate
  min: PostMinAggregate
  sum: PostSumAggregate
  uuid: String!
}

input PostListRelationFilter {
  every: PostWhereInput
  none: PostWhereInput
  some: PostWhereInput
}

type PostMaxAggregate {
  authorId: Int
  color: Color
  content: String
  uuid: String
}

type PostMinAggregate {
  authorId: Int
  color: Color
  content: String
  uuid: String
}

input PostOrderByInput {
  authorId: SortOrder
  color: SortOrder
  content: SortOrder
  uuid: SortOrder
}

enum PostScalarFieldEnum {
  authorId
  color
  content
  uuid
}

input PostScalarWhereInput {
  AND: [PostScalarWhereInput!]
  NOT: [PostScalarWhereInput!]
  OR: [PostScalarWhereInput!]
  authorId: IntFilter
  color: EnumColorFilter
  content: StringFilter
  uuid: StringFilter
}

input PostScalarWhereWithAggregatesInput {
  AND: [PostScalarWhereWithAggregatesInput!]
  NOT: [PostScalarWhereWithAggregatesInput!]
  OR: [PostScalarWhereWithAggregatesInput!]
  authorId: IntWithAggregatesFilter
  color: EnumColorWithAggregatesFilter
  content: StringWithAggregatesFilter
  uuid: StringWithAggregatesFilter
}

type PostSumAggregate {
  authorId: Int
}

input PostUpdateInput {
  author: UserUpdateOneRequiredWithoutPostsInput
  color: EnumColorFieldUpdateOperationsInput
  content: StringFieldUpdateOperationsInput
  uuid: StringFieldUpdateOperationsInput
}

input PostUpdateManyMutationInput {
  color: EnumColorFieldUpdateOperationsInput
  content: StringFieldUpdateOperationsInput
  uuid: StringFieldUpdateOperationsInput
}

input PostUpdateManyWithWhereWithoutAuthorInput {
  data: PostUpdateManyMutationInput!
  where: PostScalarWhereInput!
}

input PostUpdateManyWithoutAuthorInput {
  connect: [PostWhereUniqueInput!]
  connectOrCreate: [PostCreateOrConnectWithoutAuthorInput!]
  create: [PostCreateWithoutAuthorInput!]
  createMany: PostCreateManyAuthorInputEnvelope
  delete: [PostWhereUniqueInput!]
  deleteMany: [PostScalarWhereInput!]
  disconnect: [PostWhereUniqueInput!]
  set: [PostWhereUniqueInput!]
  update: [PostUpdateWithWhereUniqueWithoutAuthorInput!]
  updateMany: [PostUpdateManyWithWhereWithoutAuthorInput!]
  upsert: [PostUpsertWithWhereUniqueWithoutAuthorInput!]
}

input PostUpdateWithWhereUniqueWithoutAuthorInput {
  data: PostUpdateWithoutAuthorInput!
  where: PostWhereUniqueInput!
}

input PostUpdateWithoutAuthorInput {
  color: EnumColorFieldUpdateOperationsInput
  content: StringFieldUpdateOperationsInput
  uuid: StringFieldUpdateOperationsInput
}

input PostUpsertWithWhereUniqueWithoutAuthorInput {
  create: PostCreateWithoutAuthorInput!
  update: PostUpdateWithoutAuthorInput!
  where: PostWhereUniqueInput!
}

input PostWhereInput {
  AND: [PostWhereInput!]
  NOT: [PostWhereInput!]
  OR: [PostWhereInput!]
  author: UserRelationFilter
  authorId: IntFilter
  color: EnumColorFilter
  content: StringFilter
  uuid: StringFilter
}

input PostWhereUniqueInput {
  uuid: String
}

type Query {
  aggregatePost(cursor: PostWhereUniqueInput, orderBy: [PostOrderByInput!], skip: Int, take: Int, where: PostWhereInput): AggregatePost!
  aggregateUser(cursor: UserWhereUniqueInput, orderBy: [UserOrderByInput!], skip: Int, take: Int, where: UserWhereInput): AggregateUser!
  findFirstPost(cursor: PostWhereUniqueInput, distinct: [PostScalarFieldEnum!], orderBy: [PostOrderByInput!], skip: Int, take: Int, where: PostWhereInput): Post
  findFirstUser(cursor: UserWhereUniqueInput, distinct: [UserScalarFieldEnum!], orderBy: [UserOrderByInput!], skip: Int, take: Int, where: UserWhereInput): User
  groupByPost(by: [PostScalarFieldEnum!]!, having: PostScalarWhereWithAggregatesInput, orderBy: [PostOrderByInput!], skip: Int, take: Int, where: PostWhereInput): [PostGroupBy!]!
  groupByUser(by: [UserScalarFieldEnum!]!, having: UserScalarWhereWithAggregatesInput, orderBy: [UserOrderByInput!], skip: Int, take: Int, where: UserWhereInput): [UserGroupBy!]!
  post(where: PostWhereUniqueInput!): Post
  posts(cursor: PostWhereUniqueInput, distinct: [PostScalarFieldEnum!], orderBy: [PostOrderByInput!], skip: Int, take: Int, where: PostWhereInput): [Post!]!
  user(where: UserWhereUniqueInput!): User
  users(cursor: UserWhereUniqueInput, distinct: [UserScalarFieldEnum!], orderBy: [UserOrderByInput!], skip: Int, take: Int, where: UserWhereInput): [User!]!
}

enum QueryMode {
  default
  insensitive
}

enum SortOrder {
  asc
  desc
}

input StringFieldUpdateOperationsInput {
  set: String
}

input StringFilter {
  contains: String
  endsWith: String
  equals: String
  gt: String
  gte: String
  in: [String!]
  lt: String
  lte: String
  mode: QueryMode
  not: NestedStringFilter
  notIn: [String!]
  startsWith: String
}

input StringNullableFilter {
  contains: String
  endsWith: String
  equals: String
  gt: String
  gte: String
  in: [String!]
  lt: String
  lte: String
  mode: QueryMode
  not: NestedStringNullableFilter
  notIn: [String!]
  startsWith: String
}

input StringNullableWithAggregatesFilter {
  contains: String
  count: NestedIntNullableFilter
  endsWith: String
  equals: String
  gt: String
  gte: String
  in: [String!]
  lt: String
  lte: String
  max: NestedStringNullableFilter
  min: NestedStringNullableFilter
  mode: QueryMode
  not: NestedStringNullableWithAggregatesFilter
  notIn: [String!]
  startsWith: String
}

input StringWithAggregatesFilter {
  contains: String
  count: NestedIntFilter
  endsWith: String
  equals: String
  gt: String
  gte: String
  in: [String!]
  lt: String
  lte: String
  max: NestedStringFilter
  min: NestedStringFilter
  mode: QueryMode
  not: NestedStringWithAggregatesFilter
  notIn: [String!]
  startsWith: String
}

type User {
  id: Int!
  name: String
  posts(cursor: PostWhereUniqueInput, distinct: [PostScalarFieldEnum!], orderBy: [PostOrderByInput!], skip: Int, take: Int, where: PostWhereInput): [Post!]!
}

type UserAvgAggregate {
  id: Float
}

type UserCountAggregate {
  _all: Int!
  id: Int!
  name: Int!
}

input UserCreateInput {
  name: String
  posts: PostCreateNestedManyWithoutAuthorInput
}

input UserCreateManyInput {
  id: Int
  name: String
}

input UserCreateNestedOneWithoutPostsInput {
  connect: UserWhereUniqueInput
  connectOrCreate: UserCreateOrConnectWithoutPostsInput
  create: UserCreateWithoutPostsInput
}

input UserCreateOrConnectWithoutPostsInput {
  create: UserCreateWithoutPostsInput!
  where: UserWhereUniqueInput!
}

input UserCreateWithoutPostsInput {
  name: String
}

type UserGroupBy {
  avg: UserAvgAggregate
  count: UserCountAggregate
  id: Int!
  max: UserMaxAggregate
  min: UserMinAggregate
  name: String
  sum: UserSumAggregate
}

type UserMaxAggregate {
  id: Int
  name: String
}

type UserMinAggregate {
  id: Int
  name: String
}

input UserOrderByInput {
  id: SortOrder
  name: SortOrder
}

input UserRelationFilter {
  is: UserWhereInput
  isNot: UserWhereInput
}

enum UserScalarFieldEnum {
  id
  name
}

input UserScalarWhereWithAggregatesInput {
  AND: [UserScalarWhereWithAggregatesInput!]
  NOT: [UserScalarWhereWithAggregatesInput!]
  OR: [UserScalarWhereWithAggregatesInput!]
  id: IntWithAggregatesFilter
  name: StringNullableWithAggregatesFilter
}

type UserSumAggregate {
  id: Int
}

input UserUpdateInput {
  name: NullableStringFieldUpdateOperationsInput
  posts: PostUpdateManyWithoutAuthorInput
}

input UserUpdateManyMutationInput {
  name: NullableStringFieldUpdateOperationsInput
}

input UserUpdateOneRequiredWithoutPostsInput {
  connect: UserWhereUniqueInput
  connectOrCreate: UserCreateOrConnectWithoutPostsInput
  create: UserCreateWithoutPostsInput
  update: UserUpdateWithoutPostsInput
  upsert: UserUpsertWithoutPostsInput
}

input UserUpdateWithoutPostsInput {
  name: NullableStringFieldUpdateOperationsInput
}

input UserUpsertWithoutPostsInput {
  create: UserCreateWithoutPostsInput!
  update: UserUpdateWithoutPostsInput!
}

input UserWhereInput {
  AND: [UserWhereInput!]
  NOT: [UserWhereInput!]
  OR: [UserWhereInput!]
  id: IntFilter
  name: StringNullableFilter
  posts: PostListRelationFilter
}

input UserWhereUniqueInput {
  id: Int
}
"
`;

exports[`generator integration should generates TypeGraphQL classes files to output folder by running \`prisma generate\`: files structure 1`] = `
"
[type-graphql]
  enhance.ts
  [enums]
    Color.ts
    PostScalarFieldEnum.ts
    QueryMode.ts
    SortOrder.ts
    UserScalarFieldEnum.ts
    index.ts
  helpers.ts
  index.ts
  [models]
    Post.ts
    User.ts
    index.ts
  [resolvers]
    [crud]
      [Post]
        AggregatePostResolver.ts
        CreateManyPostResolver.ts
        CreatePostResolver.ts
        DeleteManyPostResolver.ts
        DeletePostResolver.ts
        FindFirstPostResolver.ts
        FindManyPostResolver.ts
        FindUniquePostResolver.ts
        GroupByPostResolver.ts
        PostCrudResolver.ts
        UpdateManyPostResolver.ts
        UpdatePostResolver.ts
        UpsertPostResolver.ts
        [args]
          AggregatePostArgs.ts
          CreateManyPostArgs.ts
          CreatePostArgs.ts
          DeleteManyPostArgs.ts
          DeletePostArgs.ts
          FindFirstPostArgs.ts
          FindManyPostArgs.ts
          FindUniquePostArgs.ts
          GroupByPostArgs.ts
          UpdateManyPostArgs.ts
          UpdatePostArgs.ts
          UpsertPostArgs.ts
          index.ts
      [User]
        AggregateUserResolver.ts
        CreateManyUserResolver.ts
        CreateUserResolver.ts
        DeleteManyUserResolver.ts
        DeleteUserResolver.ts
        FindFirstUserResolver.ts
        FindManyUserResolver.ts
        FindUniqueUserResolver.ts
        GroupByUserResolver.ts
        UpdateManyUserResolver.ts
        UpdateUserResolver.ts
        UpsertUserResolver.ts
        UserCrudResolver.ts
        [args]
          AggregateUserArgs.ts
          CreateManyUserArgs.ts
          CreateUserArgs.ts
          DeleteManyUserArgs.ts
          DeleteUserArgs.ts
          FindFirstUserArgs.ts
          FindManyUserArgs.ts
          FindUniqueUserArgs.ts
          GroupByUserArgs.ts
          UpdateManyUserArgs.ts
          UpdateUserArgs.ts
          UpsertUserArgs.ts
          index.ts
      args.index.ts
      index.ts
      resolvers-actions.index.ts
      resolvers-crud.index.ts
    [inputs]
      EnumColorFieldUpdateOperationsInput.ts
      EnumColorFilter.ts
      EnumColorWithAggregatesFilter.ts
      IntFieldUpdateOperationsInput.ts
      IntFilter.ts
      IntWithAggregatesFilter.ts
      NestedEnumColorFilter.ts
      NestedEnumColorWithAggregatesFilter.ts
      NestedFloatFilter.ts
      NestedIntFilter.ts
      NestedIntNullableFilter.ts
      NestedIntWithAggregatesFilter.ts
      NestedStringFilter.ts
      NestedStringNullableFilter.ts
      NestedStringNullableWithAggregatesFilter.ts
      NestedStringWithAggregatesFilter.ts
      NullableStringFieldUpdateOperationsInput.ts
      PostCreateInput.ts
      PostCreateManyAuthorInput.ts
      PostCreateManyAuthorInputEnvelope.ts
      PostCreateManyInput.ts
      PostCreateNestedManyWithoutAuthorInput.ts
      PostCreateOrConnectWithoutAuthorInput.ts
      PostCreateWithoutAuthorInput.ts
      PostListRelationFilter.ts
      PostOrderByInput.ts
      PostScalarWhereInput.ts
      PostScalarWhereWithAggregatesInput.ts
      PostUpdateInput.ts
      PostUpdateManyMutationInput.ts
      PostUpdateManyWithWhereWithoutAuthorInput.ts
      PostUpdateManyWithoutAuthorInput.ts
      PostUpdateWithWhereUniqueWithoutAuthorInput.ts
      PostUpdateWithoutAuthorInput.ts
      PostUpsertWithWhereUniqueWithoutAuthorInput.ts
      PostWhereInput.ts
      PostWhereUniqueInput.ts
      StringFieldUpdateOperationsInput.ts
      StringFilter.ts
      StringNullableFilter.ts
      StringNullableWithAggregatesFilter.ts
      StringWithAggregatesFilter.ts
      UserCreateInput.ts
      UserCreateManyInput.ts
      UserCreateNestedOneWithoutPostsInput.ts
      UserCreateOrConnectWithoutPostsInput.ts
      UserCreateWithoutPostsInput.ts
      UserOrderByInput.ts
      UserRelationFilter.ts
      UserScalarWhereWithAggregatesInput.ts
      UserUpdateInput.ts
      UserUpdateManyMutationInput.ts
      UserUpdateOneRequiredWithoutPostsInput.ts
      UserUpdateWithoutPostsInput.ts
      UserUpsertWithoutPostsInput.ts
      UserWhereInput.ts
      UserWhereUniqueInput.ts
      index.ts
    [outputs]
      AffectedRowsOutput.ts
      AggregatePost.ts
      AggregateUser.ts
      PostAvgAggregate.ts
      PostCountAggregate.ts
      PostGroupBy.ts
      PostMaxAggregate.ts
      PostMinAggregate.ts
      PostSumAggregate.ts
      UserAvgAggregate.ts
      UserCountAggregate.ts
      UserGroupBy.ts
      UserMaxAggregate.ts
      UserMinAggregate.ts
      UserSumAggregate.ts
      index.ts
    [relations]
      [Post]
        PostRelationsResolver.ts
      [User]
        UserRelationsResolver.ts
        [args]
          UserPostsArgs.ts
          index.ts
      args.index.ts
      index.ts
      resolvers.index.ts
  scalars.ts
"
`;
